test_color_logic (__main__.TestBackendPhase2) ... ok
test_contours_generation (__main__.TestBackendPhase2) ... ERROR
test_elevation_download_and_access (__main__.TestBackendPhase2) ... ERROR

======================================================================
ERROR: test_contours_generation (__main__.TestBackendPhase2)
----------------------------------------------------------------------
Traceback (most recent call last):
  File "C:\plugin_autocad\tests\test_backend_features.py", line 55, in test_contours_generation
    contours = self.service.get_contours(min_lat, min_lon, max_lat, max_lon, interval=50.0)
  File "C:\plugin_autocad\src\backend\backend\services\elevation.py", line 114, in get_contours
    tif_path = self.get_elevation_grid(min_lat, min_lon, max_lat, max_lon)
  File "C:\plugin_autocad\src\backend\backend\services\elevation.py", line 58, in get_elevation_grid
    response.raise_for_status()
  File "C:\sisrua_build\.venv-backend-build\lib\site-packages\requests\models.py", line 1026, in raise_for_status
    raise HTTPError(http_error_msg, response=self)
requests.exceptions.HTTPError: 401 Client Error: 401 for url: https://portal.opentopography.org/API/globaldem?demtype=SRTMGL3&south=-20.45&north=-20.42&west=-41.81&east=-41.78&outputFormat=GTiff

======================================================================
ERROR: test_elevation_download_and_access (__main__.TestBackendPhase2)
----------------------------------------------------------------------
Traceback (most recent call last):
  File "C:\plugin_autocad\tests\test_backend_features.py", line 37, in test_elevation_download_and_access
    tif_path = self.service.get_elevation_grid(min_lat, min_lon, max_lat, max_lon)
  File "C:\plugin_autocad\src\backend\backend\services\elevation.py", line 58, in get_elevation_grid
    response.raise_for_status()
  File "C:\sisrua_build\.venv-backend-build\lib\site-packages\requests\models.py", line 1026, in raise_for_status
    raise HTTPError(http_error_msg, response=self)
requests.exceptions.HTTPError: 401 Client Error: 401 for url: https://portal.opentopography.org/API/globaldem?demtype=SRTMGL3&south=-20.45&north=-20.42&west=-41.81&east=-41.78&outputFormat=GTiff

----------------------------------------------------------------------
Ran 3 tests in 1.702s

FAILED (errors=2)

Testing Contour Generation...
Downloading DEM for bounds: (-20.45, -20.42, -41.81, -41.78)
Error downloading DEM: 401 Client Error: 401 for url: https://portal.opentopography.org/API/globaldem?demtype=SRTMGL3&south=-20.45&north=-20.42&west=-41.81&east=-41.78&outputFormat=GTiff

Testing Elevation Download (SRTM)...
Downloading DEM for bounds: (-20.45, -20.42, -41.81, -41.78)
Error downloading DEM: 401 Client Error: 401 for url: https://portal.opentopography.org/API/globaldem?demtype=SRTMGL3&south=-20.45&north=-20.42&west=-41.81&east=-41.78&outputFormat=GTiff
